components/mobile-bottom-nav.tsx(6,20): error TS2307: Cannot find module '@/lib/utils' or its corresponding type declarations.
components/mobile-bottom-nav.tsx(7,24): error TS2307: Cannot find module '@/components/ui/button' or its corresponding type declarations.
components/mobile-bottom-nav.tsx(9,39): error TS2307: Cannot find module '@/lib/types' or its corresponding type declarations.
components/mobile-bottom-nav.tsx(120,5): error TS17004: Cannot use JSX unless the '--jsx' flag is provided.
components/mobile-bottom-nav.tsx(121,7): error TS17004: Cannot use JSX unless the '--jsx' flag is provided.
components/mobile-bottom-nav.tsx(122,9): error TS17004: Cannot use JSX unless the '--jsx' flag is provided.
components/mobile-bottom-nav.tsx(127,17): error TS17004: Cannot use JSX unless the '--jsx' flag is provided.
components/mobile-bottom-nav.tsx(128,19): error TS17004: Cannot use JSX unless the '--jsx' flag is provided.
components/mobile-bottom-nav.tsx(133,21): error TS17004: Cannot use JSX unless the '--jsx' flag is provided.
components/mobile-bottom-nav.tsx(137,23): error TS17004: Cannot use JSX unless the '--jsx' flag is provided.
components/mobile-bottom-nav.tsx(148,15): error TS17004: Cannot use JSX unless the '--jsx' flag is provided.
components/mobile-bottom-nav.tsx(156,19): error TS17004: Cannot use JSX unless the '--jsx' flag is provided.
components/mobile-bottom-nav.tsx(168,17): error TS17004: Cannot use JSX unless the '--jsx' flag is provided.
components/mobile-bottom-nav.tsx(172,19): error TS17004: Cannot use JSX unless the '--jsx' flag is provided.
node_modules/.pnpm/lucide-react@0.454.0_react@19.1.0/node_modules/lucide-react/dist/lucide-react.d.ts(2,10): error TS2305: Module '"react"' has no exported member 'ReactSVG'.
node_modules/.pnpm/next@15.2.6_@babel+core@7.2_b9419052a27432e5faf474bf52800005/node_modules/next/dist/build/templates/app-page.d.ts(10,40): error TS2307: Cannot find module 'VAR_MODULE_GLOBAL_ERROR' or its corresponding type declarations.
node_modules/.pnpm/next@15.2.6_@babel+core@7.2_b9419052a27432e5faf474bf52800005/node_modules/next/dist/build/webpack-config.d.ts(9,104): error TS2694: Namespace '"C:/Users/AGAHF USER/Desktop/BUILDS/booking/node_modules/.pnpm/next@15.2.6_@babel+core@7.2_b9419052a27432e5faf474bf52800005/node_modules/next/dist/compiled/webpack/webpack".webpack' has no exported member 'RuleSetUseItem'.
node_modules/.pnpm/next@15.2.6_@babel+core@7.2_b9419052a27432e5faf474bf52800005/node_modules/next/dist/build/webpack/loaders/next-app-loader/index.d.ts(1,13): error TS2613: Module '"C:/Users/AGAHF USER/Desktop/BUILDS/booking/node_modules/.pnpm/next@15.2.6_@babel+core@7.2_b9419052a27432e5faf474bf52800005/node_modules/next/dist/compiled/webpack/webpack"' has no default export. Did you mean to use 'import { webpack } from "C:/Users/AGAHF USER/Desktop/BUILDS/booking/node_modules/.pnpm/next@15.2.6_@babel+core@7.2_b9419052a27432e5faf474bf52800005/node_modules/next/dist/compiled/webpack/webpack"' instead?
node_modules/.pnpm/next@15.2.6_@babel+core@7.2_b9419052a27432e5faf474bf52800005/node_modules/next/dist/client/components/error-boundary.d.ts(1,8): error TS1259: Module '"C:/Users/AGAHF USER/Desktop/BUILDS/booking/node_modules/.pnpm/@types+react@19.1.8/node_modules/@types/react/index"' can only be default-imported using the 'esModuleInterop' flag
node_modules/.pnpm/next@15.2.6_@babel+core@7.2_b9419052a27432e5faf474bf52800005/node_modules/next/dist/client/components/http-access-fallback/error-boundary.d.ts(11,8): error TS1259: Module '"C:/Users/AGAHF USER/Desktop/BUILDS/booking/node_modules/.pnpm/@types+react@19.1.8/node_modules/@types/react/index"' can only be default-imported using the 'esModuleInterop' flag
node_modules/.pnpm/next@15.2.6_@babel+core@7.2_b9419052a27432e5faf474bf52800005/node_modules/next/dist/client/components/layout-router.d.ts(2,8): error TS1259: Module '"C:/Users/AGAHF USER/Desktop/BUILDS/booking/node_modules/.pnpm/@types+react@19.1.8/node_modules/@types/react/index"' can only be default-imported using the 'esModuleInterop' flag
node_modules/.pnpm/next@15.2.6_@babel+core@7.2_b9419052a27432e5faf474bf52800005/node_modules/next/dist/client/link.d.ts(1,8): error TS1259: Module '"C:/Users/AGAHF USER/Desktop/BUILDS/booking/node_modules/.pnpm/@types+react@19.1.8/node_modules/@types/react/index"' can only be default-imported using the 'esModuleInterop' flag
node_modules/.pnpm/next@15.2.6_@babel+core@7.2_b9419052a27432e5faf474bf52800005/node_modules/next/dist/client/with-router.d.ts(1,8): error TS1259: Module '"C:/Users/AGAHF USER/Desktop/BUILDS/booking/node_modules/.pnpm/@types+react@19.1.8/node_modules/@types/react/index"' can only be default-imported using the 'esModuleInterop' flag
node_modules/.pnpm/next@15.2.6_@babel+core@7.2_b9419052a27432e5faf474bf52800005/node_modules/next/dist/lib/metadata/metadata.d.ts(1,8): error TS1259: Module '"C:/Users/AGAHF USER/Desktop/BUILDS/booking/node_modules/.pnpm/@types+react@19.1.8/node_modules/@types/react/index"' can only be default-imported using the 'esModuleInterop' flag
node_modules/.pnpm/next@15.2.6_@babel+core@7.2_b9419052a27432e5faf474bf52800005/node_modules/next/dist/server/app-render/entry-base.d.ts(1,114): error TS2307: Cannot find module 'react-server-dom-webpack/server.edge' or its corresponding type declarations.
node_modules/.pnpm/next@15.2.6_@babel+core@7.2_b9419052a27432e5faf474bf52800005/node_modules/next/dist/server/app-render/entry-base.d.ts(2,49): error TS2307: Cannot find module 'react-server-dom-webpack/static.edge' or its corresponding type declarations.
node_modules/.pnpm/next@15.2.6_@babel+core@7.2_b9419052a27432e5faf474bf52800005/node_modules/next/dist/server/web/spec-extension/adapters/headers.d.ts(39,16): error TS2304: Cannot find name 'HeadersIterator'.
node_modules/.pnpm/next@15.2.6_@babel+core@7.2_b9419052a27432e5faf474bf52800005/node_modules/next/dist/server/web/spec-extension/adapters/headers.d.ts(40,13): error TS2304: Cannot find name 'HeadersIterator'.
node_modules/.pnpm/next@15.2.6_@babel+core@7.2_b9419052a27432e5faf474bf52800005/node_modules/next/dist/server/web/spec-extension/adapters/headers.d.ts(41,15): error TS2304: Cannot find name 'HeadersIterator'.
node_modules/.pnpm/next@15.2.6_@babel+core@7.2_b9419052a27432e5faf474bf52800005/node_modules/next/dist/server/web/spec-extension/adapters/headers.d.ts(42,26): error TS2304: Cannot find name 'HeadersIterator'.
node_modules/.pnpm/next@15.2.6_@babel+core@7.2_b9419052a27432e5faf474bf52800005/node_modules/next/dist/shared/lib/amp-context.shared-runtime.d.ts(1,8): error TS1259: Module '"C:/Users/AGAHF USER/Desktop/BUILDS/booking/node_modules/.pnpm/@types+react@19.1.8/node_modules/@types/react/index"' can only be default-imported using the 'esModuleInterop' flag
node_modules/.pnpm/next@15.2.6_@babel+core@7.2_b9419052a27432e5faf474bf52800005/node_modules/next/dist/shared/lib/app-router-context.shared-runtime.d.ts(4,8): error TS1259: Module '"C:/Users/AGAHF USER/Desktop/BUILDS/booking/node_modules/.pnpm/@types+react@19.1.8/node_modules/@types/react/index"' can only be default-imported using the 'esModuleInterop' flag
node_modules/.pnpm/next@15.2.6_@babel+core@7.2_b9419052a27432e5faf474bf52800005/node_modules/next/dist/shared/lib/head-manager-context.shared-runtime.d.ts(1,8): error TS1259: Module '"C:/Users/AGAHF USER/Desktop/BUILDS/booking/node_modules/.pnpm/@types+react@19.1.8/node_modules/@types/react/index"' can only be default-imported using the 'esModuleInterop' flag
node_modules/.pnpm/next@15.2.6_@babel+core@7.2_b9419052a27432e5faf474bf52800005/node_modules/next/dist/shared/lib/image-config-context.shared-runtime.d.ts(1,8): error TS1259: Module '"C:/Users/AGAHF USER/Desktop/BUILDS/booking/node_modules/.pnpm/@types+react@19.1.8/node_modules/@types/react/index"' can only be default-imported using the 'esModuleInterop' flag
node_modules/.pnpm/next@15.2.6_@babel+core@7.2_b9419052a27432e5faf474bf52800005/node_modules/next/dist/shared/lib/loadable-context.shared-runtime.d.ts(1,8): error TS1259: Module '"C:/Users/AGAHF USER/Desktop/BUILDS/booking/node_modules/.pnpm/@types+react@19.1.8/node_modules/@types/react/index"' can only be default-imported using the 'esModuleInterop' flag
node_modules/.pnpm/next@15.2.6_@babel+core@7.2_b9419052a27432e5faf474bf52800005/node_modules/next/dist/shared/lib/loadable.shared-runtime.d.ts(21,8): error TS1259: Module '"C:/Users/AGAHF USER/Desktop/BUILDS/booking/node_modules/.pnpm/@types+react@19.1.8/node_modules/@types/react/index"' can only be default-imported using the 'esModuleInterop' flag
node_modules/.pnpm/next@15.2.6_@babel+core@7.2_b9419052a27432e5faf474bf52800005/node_modules/next/dist/shared/lib/router-context.shared-runtime.d.ts(1,8): error TS1259: Module '"C:/Users/AGAHF USER/Desktop/BUILDS/booking/node_modules/.pnpm/@types+react@19.1.8/node_modules/@types/react/index"' can only be default-imported using the 'esModuleInterop' flag
node_modules/.pnpm/next@15.2.6_@babel+core@7.2_b9419052a27432e5faf474bf52800005/node_modules/next/dist/shared/lib/server-inserted-html.shared-runtime.d.ts(1,8): error TS1259: Module '"C:/Users/AGAHF USER/Desktop/BUILDS/booking/node_modules/.pnpm/@types+react@19.1.8/node_modules/@types/react/index"' can only be default-imported using the 'esModuleInterop' flag
node_modules/.pnpm/next@15.2.6_@babel+core@7.2_b9419052a27432e5faf474bf52800005/node_modules/next/dist/shared/lib/server-inserted-metadata.shared-runtime.d.ts(1,13): error TS1259: Module '"C:/Users/AGAHF USER/Desktop/BUILDS/booking/node_modules/.pnpm/@types+react@19.1.8/node_modules/@types/react/index"' can only be default-imported using the 'esModuleInterop' flag
node_modules/.pnpm/next@15.2.6_@babel+core@7.2_b9419052a27432e5faf474bf52800005/node_modules/next/dist/shared/lib/utils.d.ts(10,13): error TS1192: Module '"fs"' has no default export.
node_modules/.pnpm/next@15.2.6_@babel+core@7.2_b9419052a27432e5faf474bf52800005/node_modules/next/dist/types.d.ts(8,13): error TS1259: Module '"C:/Users/AGAHF USER/Desktop/BUILDS/booking/node_modules/.pnpm/@types+react@19.1.8/node_modules/@types/react/index"' can only be default-imported using the 'esModuleInterop' flag
